// Vitest Snapshot v1, https://vitest.dev/guide/snapshot.html

exports[`PrimaryButton > default behaviour > renders correctly default title 1`] = `
<button
  class=" bg-accent hover:bg-accent/80 w-full px-4 py-2 rounded-lg text-btn-foreground text-sm duration-2000"
  data-testid="PrimaryButton-testID"
>
  42
</button>
`;
